// Jest Snapshot v1, https://goo.gl/fbAQLP

exports[`can use mjs library in development 1`] = `"Pikachu"`;

exports[`can use mjs library in production 1`] = `"Pikachu"`;
